========= ========= =======
PGA       SA(0.3)   SA(0.6)
========= ========= =======
3.505E-04 9.257E-04 0.00100
========= ========= =======